
> joeadak-trading-enterprise@1.0.0 build
> vite build

[36mvite v5.4.21 [32mbuilding for production...[36m[39m
transforming...
[32mΓ£ô[39m 2622 modules transformed.
rendering chunks...
computing gzip size...
[2mdist/[22m[32mindex.html                           [39m[1m[2m  2.51 kB[22m[1m[22m[2m Γöé gzip:   0.92 kB[22m
[2mdist/[22m[32massets/Joeadak logo 2D-_MI-tCC3.png  [39m[1m[2m 33.19 kB[22m[1m[22m
[2mdist/[22m[32massets/Engineer-Ckke2c4z.jpeg        [39m[1m[2m 33.48 kB[22m[1m[22m
[2mdist/[22m[32massets/footer-people-COwA_VVC.png    [39m[1m[2m785.48 kB[22m[1m[22m
[2mdist/[22m[35massets/Testimonials-DuEuBm9Y.css     [39m[1m[2m 13.17 kB[22m[1m[22m[2m Γöé gzip:   2.29 kB[22m
[2mdist/[22m[35massets/index-2cOoi6kD.css            [39m[1m[2m 48.66 kB[22m[1m[22m[2m Γöé gzip:   8.71 kB[22m
[2mdist/[22m[36massets/use-in-view-zzPdHnwo.js       [39m[1m[2m  0.78 kB[22m[1m[22m[2m Γöé gzip:   0.46 kB[22m
[2mdist/[22m[36massets/createLucideIcon-CkP9iDHX.js  [39m[1m[2m  2.58 kB[22m[1m[22m[2m Γöé gzip:   0.81 kB[22m
[2mdist/[22m[36massets/NotFound404-Z40jcIMx.js       [39m[1m[2m  4.27 kB[22m[1m[22m[2m Γöé gzip:   1.52 kB[22m
[2mdist/[22m[36massets/Services-C05fSaNS.js          [39m[1m[2m  5.72 kB[22m[1m[22m[2m Γöé gzip:   2.38 kB[22m
[2mdist/[22m[36massets/CTABanner-WOvX0Auy.js         [39m[1m[2m  6.11 kB[22m[1m[22m[2m Γöé gzip:   1.98 kB[22m
[2mdist/[22m[36massets/About-Di1sDGKE.js             [39m[1m[2m  9.79 kB[22m[1m[22m[2m Γöé gzip:   3.29 kB[22m
[2mdist/[22m[36massets/Projects-CWGKG7_j.js          [39m[1m[2m 11.07 kB[22m[1m[22m[2m Γöé gzip:   3.89 kB[22m
[2mdist/[22m[36massets/Contact-CJK29zbW.js           [39m[1m[2m 17.24 kB[22m[1m[22m[2m Γöé gzip:   4.99 kB[22m
[2mdist/[22m[36massets/Home-CN4pNFTn.js              [39m[1m[2m 53.99 kB[22m[1m[22m[2m Γöé gzip:  15.64 kB[22m
[2mdist/[22m[36massets/GlowingEffect-Co7hueYN.js     [39m[1m[2m 66.95 kB[22m[1m[22m[2m Γöé gzip:  23.81 kB[22m
[2mdist/[22m[36massets/Testimonials-C686II7-.js      [39m[1m[2m109.29 kB[22m[1m[22m[2m Γöé gzip:  33.61 kB[22m
[2mdist/[22m[36massets/index-BvZUYrOS.js             [39m[1m[2m348.34 kB[22m[1m[22m[2m Γöé gzip: 112.80 kB[22m
[32mΓ£ô built in 24.47s[39m
